1.349: [GC [PSYoungGen: 66048K->10738K(76800K)] 66048K->11240K(251904K), 0.0272010 secs] [Times: user=0.03 sys=0.02, real=0.03 secs] 
2.424: [GC [PSYoungGen: 76786K->10743K(142848K)] 77288K->12156K(317952K), 0.0171510 secs] [Times: user=0.03 sys=0.00, real=0.02 secs] 
Heap
 PSYoungGen      total 142848K, used 142839K [0x00000000eaa80000, 0x00000000f4080000, 0x0000000100000000)
  eden space 132096K, 100% used [0x00000000eaa80000,0x00000000f2b80000,0x00000000f2b80000)
  from space 10752K, 99% used [0x00000000f3600000,0x00000000f407dd90,0x00000000f4080000)
  to   space 10752K, 0% used [0x00000000f2b80000,0x00000000f2b80000,0x00000000f3600000)
 ParOldGen       total 175104K, used 1413K [0x00000000c0000000, 0x00000000cab00000, 0x00000000eaa80000)
  object space 175104K, 0% used [0x00000000c0000000,0x00000000c0161410,0x00000000cab00000)
 PSPermGen       total 262144K, used 28093K [0x00000000a0000000, 0x00000000b0000000, 0x00000000c0000000)
  object space 262144K, 10% used [0x00000000a0000000,0x00000000a1b6f590,0x00000000b0000000)
